// Jest Snapshot v1, https://goo.gl/fbAQLP

exports[`matches snapshot 1`] = `
<form
  className="root"
  onSubmit={[Function]}
>
  <div
    className="row"
  >
    <WithStyles(ForwardRef(TextField))
      fullWidth={true}
      label="Symbol"
      onChange={[Function]}
      required={true}
      type="text"
      value="AAPL"
      variant="outlined"
    />
  </div>
  <div
    className="row"
  >
    <WithStyles(ForwardRef(TextField))
      fullWidth={true}
      inputProps={
        Object {
          "min": 1,
        }
      }
      label="Amount"
      onChange={[Function]}
      required={true}
      type="number"
      value={1}
      variant="outlined"
    />
  </div>
  <div
    className="row"
  >
    <WithStyles(ForwardRef(TextField))
      fullWidth={true}
      inputProps={
        Object {
          "min": 0,
          "step": 0.01,
        }
      }
      label="Price"
      onChange={[Function]}
      required={true}
      type="number"
      value={100}
      variant="outlined"
    />
  </div>
  <div
    className="row"
  >
    <WithStyles(ForwardRef(TextField))
      fullWidth={true}
      inputProps={
        Object {
          "min": 0,
          "step": 0.01,
        }
      }
      label="Commission"
      onChange={[Function]}
      required={true}
      type="number"
      value={1}
      variant="outlined"
    />
  </div>
  <div
    className="row"
  >
    <WithStyles(ForwardRef(TextField))
      fullWidth={true}
      label="Date"
      onChange={[Function]}
      required={true}
      type="date"
      value="2019-07-02"
      variant="outlined"
    />
  </div>
  <div
    className="row"
  >
    <WithStyles(ForwardRef(Button))
      color="primary"
      type="submit"
      variant="contained"
    >
      Open
    </WithStyles(ForwardRef(Button))>
  </div>
</form>
`;
