// Jest Snapshot v1, https://goo.gl/fbAQLP

exports[`matches snapshot 1`] = `
<div
  className="root"
>
  <div
    className="row"
  >
    <Logo />
  </div>
  <div
    className="row"
  >
    <GoogleLoginButton />
  </div>
</div>
`;
