// Jest Snapshot v1, https://goo.gl/fbAQLP

exports[`getPositionsCollectionPath matches snapshot 1`] = `"users/userId/positions"`;
