// Jest Snapshot v1, https://goo.gl/fbAQLP

exports[`matches snapshot 1`] = `
<Fragment>
  <h1>
    Create position
  </h1>
  <Connect(withStateHandlers(withHandlers(OpenPositionForm)))
    onCreate={[Function]}
  />
</Fragment>
`;
