// Jest Snapshot v1, https://goo.gl/fbAQLP

exports[`matches snapshot 1`] = `
<span>
  Jul 14, 2017
</span>
`;

exports[`matches snapshot when highlighted 1`] = `
<strong>
  Jul 14, 2017
</strong>
`;
