// Jest Snapshot v1, https://goo.gl/fbAQLP

exports[`matches snapshot 1`] = `
<div
  className="root"
>
  <Logo
    className="headline"
  />
  <GoogleLoginButton />
</div>
`;
