// Jest Snapshot v1, https://goo.gl/fbAQLP

exports[`matches snapshot if authenticated 1`] = `<Connect(Navigation) />`;

exports[`matches snapshot if loading 1`] = `<Loading />`;

exports[`matches snapshot if unauthenticated 1`] = `<Guest />`;
