// Jest Snapshot v1, https://goo.gl/fbAQLP

exports[`matches snapshot 1`] = `
<div
  className="root"
>
  <WithStyles(ForwardRef(Typography))
    className="headline"
    variant="h4"
  >
    Open position
  </WithStyles(ForwardRef(Typography))>
  <WithStyles(Connect(withStateHandlers(withHandlers(CreatePositionForm))))
    onCreate={[Function]}
  />
</div>
`;
