// Jest Snapshot v1, https://goo.gl/fbAQLP

exports[`matches snapshot 1`] = `
<WithStyles(ForwardRef(Button))
  onClick={[Function]}
  variant="outlined"
>
  Logout
</WithStyles(ForwardRef(Button))>
`;
