// Jest Snapshot v1, https://goo.gl/fbAQLP

exports[`matches snapshot 1`] = `
<WithStyles(ForwardRef(Button))
  color="primary"
  onClick={[Function]}
  variant="contained"
>
  Login
</WithStyles(ForwardRef(Button))>
`;
