// Jest Snapshot v1, https://goo.gl/fbAQLP

exports[`matches snapshot 1`] = `
<WithStyles(ForwardRef(Typography))
  variant="h4"
>
  <Memo(ForwardRef(BusinessCenterOutlinedIcon)) />
   
  Portfolio
</WithStyles(ForwardRef(Typography))>
`;
