// Jest Snapshot v1, https://goo.gl/fbAQLP

exports[`matches snapshot 1`] = `<WithStyles(ForwardRef(CircularProgress)) />`;

exports[`matches snapshot when size is large 1`] = `
<WithStyles(ForwardRef(CircularProgress))
  size={64}
/>
`;
