// Jest Snapshot v1, https://goo.gl/fbAQLP

exports[`matches snapshot 1`] = `
<withFirebase(withHandlers(ProviderLoginButton))
  provider="google"
>
  Sign in with Google
</withFirebase(withHandlers(ProviderLoginButton))>
`;
